------------------------------------------------------------
Timing Analyzer Summary
------------------------------------------------------------

Type  : Slow 1200mV 85C Model Setup 'clk12'
Slack : -2.656
TNS   : -92.125

Type  : Slow 1200mV 85C Model Setup 'clk24'
Slack : -0.376
TNS   : -0.376

Type  : Slow 1200mV 85C Model Setup 'clk'
Slack : -0.269
TNS   : -0.269

Type  : Slow 1200mV 85C Model Hold 'clk12'
Slack : 0.342
TNS   : 0.000

Type  : Slow 1200mV 85C Model Hold 'clk'
Slack : 0.382
TNS   : 0.000

Type  : Slow 1200mV 85C Model Hold 'clk24'
Slack : 0.415
TNS   : 0.000

Type  : Slow 1200mV 85C Model Minimum Pulse Width 'clk'
Slack : -3.000
TNS   : -4.000

Type  : Slow 1200mV 85C Model Minimum Pulse Width 'clk12'
Slack : -1.000
TNS   : -45.000

Type  : Slow 1200mV 85C Model Minimum Pulse Width 'clk24'
Slack : -1.000
TNS   : -1.000

Type  : Slow 1200mV 0C Model Setup 'clk12'
Slack : -2.273
TNS   : -76.891

Type  : Slow 1200mV 0C Model Setup 'clk24'
Slack : -0.280
TNS   : -0.280

Type  : Slow 1200mV 0C Model Setup 'clk'
Slack : -0.177
TNS   : -0.177

Type  : Slow 1200mV 0C Model Hold 'clk12'
Slack : 0.299
TNS   : 0.000

Type  : Slow 1200mV 0C Model Hold 'clk'
Slack : 0.323
TNS   : 0.000

Type  : Slow 1200mV 0C Model Hold 'clk24'
Slack : 0.359
TNS   : 0.000

Type  : Slow 1200mV 0C Model Minimum Pulse Width 'clk'
Slack : -3.000
TNS   : -4.000

Type  : Slow 1200mV 0C Model Minimum Pulse Width 'clk12'
Slack : -1.000
TNS   : -45.000

Type  : Slow 1200mV 0C Model Minimum Pulse Width 'clk24'
Slack : -1.000
TNS   : -1.000

Type  : Fast 1200mV 0C Model Setup 'clk12'
Slack : -1.035
TNS   : -33.340

Type  : Fast 1200mV 0C Model Setup 'clk24'
Slack : 0.020
TNS   : 0.000

Type  : Fast 1200mV 0C Model Setup 'clk'
Slack : 0.064
TNS   : 0.000

Type  : Fast 1200mV 0C Model Hold 'clk12'
Slack : 0.179
TNS   : 0.000

Type  : Fast 1200mV 0C Model Hold 'clk'
Slack : 0.203
TNS   : 0.000

Type  : Fast 1200mV 0C Model Hold 'clk24'
Slack : 0.219
TNS   : 0.000

Type  : Fast 1200mV 0C Model Minimum Pulse Width 'clk'
Slack : -3.000
TNS   : -4.043

Type  : Fast 1200mV 0C Model Minimum Pulse Width 'clk12'
Slack : -1.000
TNS   : -45.000

Type  : Fast 1200mV 0C Model Minimum Pulse Width 'clk24'
Slack : -1.000
TNS   : -1.000

------------------------------------------------------------
